[debug] [2026-03-13T08:06:12.706Z] ----------------------------------------------------------------------
[debug] [2026-03-13T08:06:12.710Z] Command:       C:\Program Files\nodejs\node.exe C:\Users\adith\AppData\Roaming\npm\node_modules\firebase-tools\lib\bin\firebase.js serve
[debug] [2026-03-13T08:06:12.710Z] CLI Version:   15.10.0
[debug] [2026-03-13T08:06:12.711Z] Platform:      win32
[debug] [2026-03-13T08:06:12.711Z] Node Version:  v24.13.1
[debug] [2026-03-13T08:06:12.711Z] Time:          Fri Mar 13 2026 13:36:12 GMT+0530 (India Standard Time)
[debug] [2026-03-13T08:06:12.711Z] ----------------------------------------------------------------------
[debug] 
[debug] [2026-03-13T08:06:14.422Z] > command requires scopes: ["email","openid","https://www.googleapis.com/auth/cloudplatformprojects.readonly","https://www.googleapis.com/auth/firebase","https://www.googleapis.com/auth/cloud-platform"]
[debug] [2026-03-13T08:06:14.422Z] > authorizing via signed-in user (adithyanmoolayilkandhathil@gmail.com)
[debug] [2026-03-13T08:06:14.423Z] [iam] checking project geo-attendence-1702e for permissions ["firebase.projects.get"]
[debug] [2026-03-13T08:06:14.424Z] Checked if tokens are valid: true, expires at: 1773390138054
[debug] [2026-03-13T08:06:14.424Z] Checked if tokens are valid: true, expires at: 1773390138054
[debug] [2026-03-13T08:06:14.425Z] >>> [apiv2][query] POST https://cloudresourcemanager.googleapis.com/v1/projects/geo-attendence-1702e:testIamPermissions [none]
[debug] [2026-03-13T08:06:14.425Z] >>> [apiv2][(partial)header] POST https://cloudresourcemanager.googleapis.com/v1/projects/geo-attendence-1702e:testIamPermissions  x-goog-user-project=geo-attendence-1702e
[debug] [2026-03-13T08:06:14.425Z] >>> [apiv2][body] POST https://cloudresourcemanager.googleapis.com/v1/projects/geo-attendence-1702e:testIamPermissions {"permissions":["firebase.projects.get"]}
[debug] [2026-03-13T08:06:17.199Z] <<< [apiv2][status] POST https://cloudresourcemanager.googleapis.com/v1/projects/geo-attendence-1702e:testIamPermissions 200
[debug] [2026-03-13T08:06:17.199Z] <<< [apiv2][body] POST https://cloudresourcemanager.googleapis.com/v1/projects/geo-attendence-1702e:testIamPermissions {"permissions":["firebase.projects.get"]}
[debug] [2026-03-13T08:06:17.200Z] Checked if tokens are valid: true, expires at: 1773390138054
[debug] [2026-03-13T08:06:17.200Z] Checked if tokens are valid: true, expires at: 1773390138054
[debug] [2026-03-13T08:06:17.200Z] >>> [apiv2][query] GET https://cloudresourcemanager.googleapis.com/v1/projects/geo-attendence-1702e [none]
[debug] [2026-03-13T08:06:17.595Z] <<< [apiv2][status] GET https://cloudresourcemanager.googleapis.com/v1/projects/geo-attendence-1702e 200
[debug] [2026-03-13T08:06:17.596Z] <<< [apiv2][body] GET https://cloudresourcemanager.googleapis.com/v1/projects/geo-attendence-1702e {"projectNumber":"295550893731","projectId":"geo-attendence-1702e","lifecycleState":"ACTIVE","name":"Geo Attendence","labels":{"firebase":"enabled","firebase-core":"disabled"},"createTime":"2026-02-26T18:13:34.441788Z"}
[info] 
[info] === Serving from 'C:\Users\adith\OneDrive\Desktop\Smart Attendence'...
[info] 
[debug] [2026-03-13T08:06:17.599Z] Checked if tokens are valid: true, expires at: 1773390138054
[debug] [2026-03-13T08:06:17.600Z] Checked if tokens are valid: true, expires at: 1773390138054
[debug] [2026-03-13T08:06:17.600Z] >>> [apiv2][query] GET https://firebasehosting.googleapis.com/v1beta1/projects/geo-attendence-1702e/sites 
[debug] [2026-03-13T08:06:19.119Z] <<< [apiv2][status] GET https://firebasehosting.googleapis.com/v1beta1/projects/geo-attendence-1702e/sites 200
[debug] [2026-03-13T08:06:19.120Z] <<< [apiv2][body] GET https://firebasehosting.googleapis.com/v1beta1/projects/geo-attendence-1702e/sites {"sites":[{"name":"projects/geo-attendence-1702e/sites/geo-attendence-1702e","defaultUrl":"https://geo-attendence-1702e.web.app","appId":"1:295550893731:web:f4b5cd5cd10ac8f923c916","type":"DEFAULT_SITE"}]}
[debug] [2026-03-13T08:06:19.120Z] Checked if tokens are valid: true, expires at: 1773390138054
[debug] [2026-03-13T08:06:19.120Z] Checked if tokens are valid: true, expires at: 1773390138054
[debug] [2026-03-13T08:06:19.120Z] >>> [apiv2][query] GET https://firebase.googleapis.com/v1beta1/projects/geo-attendence-1702e/webApps/1:295550893731:web:f4b5cd5cd10ac8f923c916/config [none]
[debug] [2026-03-13T08:06:20.081Z] <<< [apiv2][status] GET https://firebase.googleapis.com/v1beta1/projects/geo-attendence-1702e/webApps/1:295550893731:web:f4b5cd5cd10ac8f923c916/config 200
[debug] [2026-03-13T08:06:20.081Z] <<< [apiv2][body] GET https://firebase.googleapis.com/v1beta1/projects/geo-attendence-1702e/webApps/1:295550893731:web:f4b5cd5cd10ac8f923c916/config {"projectId":"geo-attendence-1702e","appId":"1:295550893731:web:f4b5cd5cd10ac8f923c916","storageBucket":"geo-attendence-1702e.firebasestorage.app","apiKey":"AIzaSyCMhuIR2biW0wxPLTgY8RzGgW9NyYgnLIk","authDomain":"geo-attendence-1702e.firebaseapp.com","messagingSenderId":"295550893731","measurementId":"G-QLYZ0M8FDS","projectNumber":"295550893731","version":"2"}
[debug] [2026-03-13T08:06:20.126Z] Checked if tokens are valid: true, expires at: 1773390138054
[debug] [2026-03-13T08:06:20.126Z] Checked if tokens are valid: true, expires at: 1773390138054
[debug] [2026-03-13T08:06:20.127Z] >>> [apiv2][query] GET https://firebase.googleapis.com/v1beta1/projects/geo-attendence-1702e [none]
[debug] [2026-03-13T08:06:20.610Z] <<< [apiv2][status] GET https://firebase.googleapis.com/v1beta1/projects/geo-attendence-1702e 200
[debug] [2026-03-13T08:06:20.610Z] <<< [apiv2][body] GET https://firebase.googleapis.com/v1beta1/projects/geo-attendence-1702e {"projectId":"geo-attendence-1702e","projectNumber":"295550893731","displayName":"Geo Attendence","name":"projects/geo-attendence-1702e","resources":{"hostingSite":"geo-attendence-1702e"},"state":"ACTIVE","etag":"1_bc8da09b-ff06-413a-8149-61e4f0072648"}
[info] i  hosting[geo-attendence-1702e]: Serving hosting files from: public {"metadata":{"emulator":{"name":"hosting"},"message":"Serving hosting files from: \u001b[1mpublic\u001b[22m"}}
[info] +  hosting[geo-attendence-1702e]: Local server: http://localhost:5000 {"metadata":{"emulator":{"name":"hosting"},"message":"Local server: \u001b[4m\u001b[1mhttp://localhost:5000\u001b[22m\u001b[24m"}}
